--------------------------------------------------------------------------------
SummerSchool 2026 - Inference Log
Policy: policy_anti_spin_v1.bin
Maps: 30
--------------------------------------------------------------------------------
--------------------------------------------------------------------------------
Map: map_infer_topic1_map1
Start: (0,0)
Goal: (0,9)
Checkpoints: (none)
step   pos       dir      s  action
1      (0,0)     N      160  forward
2      (0,1)     N      160  forward
3      (0,2)     N      164  forward
4      (0,3)     N      164  forward
5      (0,4)     N      164  forward
6      (0,5)     N      164  forward
7      (0,6)     N      164  forward
8      (0,7)     N      164  forward
9      (0,8)     N      164  forward
End: reached goal after 9 steps

--------------------------------------------------------------------------------
Map: map_infer_topic1_map2
Start: (0,0)
Goal: (9,0)
Checkpoints: (none)
step   pos       dir      s  action
1      (0,0)     N     5344  rotate right
2      (0,0)     E     5346  forward
3      (1,0)     E      162  forward
4      (2,0)     E      166  forward
5      (3,0)     E      166  forward
6      (4,0)     E      166  forward
7      (5,0)     E      166  forward
8      (6,0)     E      166  forward
9      (7,0)     E      166  forward
10     (8,0)     E      166  forward
End: reached goal after 10 steps

--------------------------------------------------------------------------------
Map: map_infer_topic1_map3
Start: (1,0)
Goal: (1,9)
Checkpoints: (none)
step   pos       dir      s  action
1      (1,0)     N      160  forward
2      (1,1)     N      160  forward
3      (1,2)     N      164  forward
4      (1,3)     N      164  forward
5      (1,4)     N      164  forward
6      (1,5)     N      164  forward
7      (1,6)     N      164  forward
8      (1,7)     N      164  forward
9      (1,8)     N      164  forward
End: reached goal after 9 steps

--------------------------------------------------------------------------------
Map: map_infer_topic1_map4
Start: (4,0)
Goal: (4,9)
Checkpoints: (none)
step   pos       dir      s  action
1      (4,0)     N      160  forward
2      (4,1)     N      160  forward
3      (4,2)     N      164  forward
4      (4,3)     N      164  forward
5      (4,4)     N      164  forward
6      (4,5)     N      164  forward
7      (4,6)     N      164  forward
8      (4,7)     N      164  forward
9      (4,8)     N      164  forward
End: reached goal after 9 steps

--------------------------------------------------------------------------------
Map: map_infer_topic1_map5
Start: (4,0)
Goal: (4,9)
Checkpoints: (none)
step   pos       dir      s  action
1      (4,0)     N      160  forward
2      (4,1)     N      160  forward
3      (4,2)     N      164  forward
4      (4,3)     N      164  forward
5      (4,4)     N      164  forward
6      (4,5)     N      164  forward
7      (4,6)     N      164  forward
8      (4,7)     N      164  forward
9      (4,8)     N      164  forward
End: reached goal after 9 steps

--------------------------------------------------------------------------------
Map: map_infer_topic1_map6
Start: (4,0)
Goal: (4,9)
Checkpoints: (none)
step   pos       dir      s  action
1      (4,0)     N      160  forward
2      (4,1)     N      160  forward
3      (4,2)     N      164  forward
4      (4,3)     N      164  forward
5      (4,4)     N      164  forward
6      (4,5)     N      164  forward
7      (4,6)     N      164  forward
8      (4,7)     N      164  forward
9      (4,8)     N      164  forward
End: reached goal after 9 steps

--------------------------------------------------------------------------------
Map: map_infer_topic2_map1
Start: (0,0)
Goal: (9,9)
Checkpoints: (none)
step   pos       dir      s  action
1      (0,0)     N      160  forward
2      (0,1)     N      160  forward
3      (0,2)     N      164  forward
4      (0,3)     N      164  forward
5      (0,4)     N      164  forward
6      (0,5)     N      164  forward
7      (0,6)     N      164  forward
8      (0,7)     N      164  forward
9      (0,8)     N      164  forward
10     (0,9)     N     5348  rotate right
11     (0,9)     E     5346  forward
12     (1,9)     E      166  forward
13     (2,9)     E      166  forward
14     (3,9)     E      166  forward
15     (4,9)     E      166  forward
16     (5,9)     E      166  forward
17     (6,9)     E      166  forward
18     (7,9)     E      166  forward
19     (8,9)     E      166  forward
End: reached goal after 19 steps

--------------------------------------------------------------------------------
Map: map_infer_topic2_map2
Start: (0,0)
Goal: (9,9)
Checkpoints: (none)
step   pos       dir      s  action
1      (0,0)     N     5344  rotate right
2      (0,0)     E     5346  forward
3      (1,0)     E      162  forward
4      (2,0)     E      166  forward
5      (3,0)     E     1462  rotate right
6      (3,0)     S     2107  rotate left
7      (3,0)     E     2106  rotate left
8      (3,0)     N     2104  forward
9      (3,1)     N      164  forward
10     (3,2)     N      164  forward
11     (3,3)     N     5348  rotate right
12     (3,3)     E     5346  forward
13     (4,3)     E      166  forward
14     (5,3)     E      166  forward
15     (6,3)     E     1462  rotate right
16     (6,3)     S     2107  rotate left
17     (6,3)     E     2106  rotate left
18     (6,3)     N     2104  forward
19     (6,4)     N      164  forward
20     (6,5)     N      164  forward
21     (6,6)     N     5348  rotate right
22     (6,6)     E     5346  forward
23     (7,6)     E      166  forward
24     (8,6)     E      166  forward
25     (9,6)     E     1462  rotate right
26     (9,6)     S     2107  rotate left
27     (9,6)     E     2106  rotate left
28     (9,6)     N     2104  forward
29     (9,7)     N      164  forward
30     (9,8)     N      164  forward
End: reached goal after 30 steps

--------------------------------------------------------------------------------
Map: map_infer_topic2_map3
Start: (0,0)
Goal: (9,9)
Checkpoints: (none)
step   pos       dir      s  action
1      (0,0)     N      160  forward
2      (0,1)     N      160  forward
3      (0,2)     N      164  forward
4      (0,3)     N      164  forward
5      (0,4)     N      164  forward
6      (0,5)     N      164  forward
7      (0,6)     N      164  forward
8      (0,7)     N      164  forward
9      (0,8)     N      164  forward
10     (0,9)     N     5348  rotate right
11     (0,9)     E     5346  forward
12     (1,9)     E      166  forward
13     (2,9)     E      166  forward
14     (3,9)     E      166  forward
15     (4,9)     E      166  forward
16     (5,9)     E      166  forward
17     (6,9)     E      166  forward
18     (7,9)     E      166  forward
19     (8,9)     E      166  forward
End: reached goal after 19 steps

--------------------------------------------------------------------------------
Map: map_infer_topic2_map4
Start: (1,1)
Goal: (9,9)
Checkpoints: (none)
step   pos       dir      s  action
1      (1,1)     N      160  forward
2      (1,2)     N      160  forward
3      (1,3)     N     5348  rotate right
4      (1,3)     E     5346  forward
5      (2,3)     E      166  forward
6      (3,3)     E     1462  rotate right
7      (3,3)     S     2107  rotate left
8      (3,3)     E     2106  rotate left
9      (3,3)     N     2104  forward
10     (3,4)     N     5348  rotate right
11     (3,4)     E     6642  forward
End: collision at step 11

--------------------------------------------------------------------------------
Map: map_infer_topic2_map5
Start: (0,2)
Goal: (9,3)
Checkpoints: (none)
step   pos       dir      s  action
1      (0,2)     N      160  forward
2      (0,3)     N      160  forward
3      (0,4)     N      156  forward
4      (0,5)     N      156  forward
5      (0,6)     N      156  forward
6      (0,7)     N      156  forward
7      (0,8)     N      156  forward
8      (0,9)     N     5340  rotate right
9      (0,9)     E     5346  forward
10     (1,9)     E      166  forward
11     (2,9)     E      166  forward
12     (3,9)     E      166  forward
13     (4,9)     E      166  forward
14     (5,9)     E     1462  rotate right
15     (5,9)     S     1459  forward
16     (5,8)     S      815  rotate right
17     (5,8)     W      809  forward
18     (4,8)     W      157  rotate right
19     (4,8)     N     5344  rotate right
20     (4,8)     E     5346  forward
21     (5,8)     E     2434  forward
End: collision at step 21

--------------------------------------------------------------------------------
Map: map_infer_topic2_map6
Start: (6,0)
Goal: (6,9)
Checkpoints: (none)
step   pos       dir      s  action
1      (6,0)     N      160  forward
2      (6,1)     N      160  forward
3      (6,2)     N     5348  rotate right
4      (6,2)     E     6642  forward
End: collision at step 4

--------------------------------------------------------------------------------
Map: map_infer_topic3_map1
Start: (0,0)
Goal: (9,9)
Checkpoints: (none)
step   pos       dir      s  action
1      (0,0)     N     5344  rotate right
2      (0,0)     E     5346  forward
3      (1,0)     E      162  forward
4      (2,0)     E      166  forward
5      (3,0)     E     1462  rotate right
6      (3,0)     S     2107  rotate left
7      (3,0)     E     2106  rotate left
8      (3,0)     N     2104  forward
9      (3,1)     N      164  forward
10     (3,2)     N     5348  rotate right
11     (3,2)     E     5346  forward
12     (4,2)     E      166  forward
13     (5,2)     E     1462  rotate right
14     (5,2)     S     2107  rotate left
15     (5,2)     E     2106  rotate left
16     (5,2)     N     2104  forward
17     (5,3)     N      164  forward
18     (5,4)     N      164  forward
19     (5,5)     N     5348  rotate right
20     (5,5)     E     5346  forward
21     (6,5)     E      166  forward
22     (7,5)     E     1462  rotate right
23     (7,5)     S     2107  rotate left
24     (7,5)     E     2106  rotate left
25     (7,5)     N     2104  forward
26     (7,6)     N     5348  rotate right
27     (7,6)     E     6642  forward
End: collision at step 27

--------------------------------------------------------------------------------
Map: map_infer_topic3_map2
Start: (2,2)
Goal: (9,9)
Checkpoints: (none)
step   pos       dir      s  action
1      (2,2)     N     5344  rotate right
2      (2,2)     E     6642  forward
End: collision at step 2

--------------------------------------------------------------------------------
Map: map_infer_topic3_map3
Start: (0,0)
Goal: (9,9)
Checkpoints: (none)
step   pos       dir      s  action
1      (0,0)     N      160  forward
2      (0,1)     N      160  forward
3      (0,2)     N      164  forward
4      (0,3)     N      164  forward
5      (0,4)     N      164  forward
6      (0,5)     N      164  forward
7      (0,6)     N      164  forward
8      (0,7)     N      164  forward
9      (0,8)     N      164  forward
10     (0,9)     N     5348  rotate right
11     (0,9)     E     5346  forward
12     (1,9)     E      166  forward
13     (2,9)     E      166  forward
14     (3,9)     E      166  forward
15     (4,9)     E      166  forward
16     (5,9)     E      166  forward
17     (6,9)     E      166  forward
18     (7,9)     E      166  forward
19     (8,9)     E     1462  rotate right
20     (8,9)     S     2107  rotate left
21     (8,9)     E     2106  rotate left
22     (8,9)     N     7288  forward
End: collision at step 22

--------------------------------------------------------------------------------
Map: map_infer_topic3_map4
Start: (0,0)
Goal: (5,4)
Checkpoints: (none)
step   pos       dir      s  action
1      (0,0)     N      160  forward
2      (0,1)     N      160  forward
3      (0,2)     N      164  forward
4      (0,3)     N      164  forward
5      (0,4)     N      164  forward
6      (0,5)     N      156  forward
7      (0,6)     N      156  forward
8      (0,7)     N      156  forward
9      (0,8)     N      156  forward
10     (0,9)     N     5340  rotate right
11     (0,9)     E     6642  forward
End: collision at step 11

--------------------------------------------------------------------------------
Map: map_infer_topic3_map5
Start: (0,0)
Goal: (9,9)
Checkpoints: (none)
step   pos       dir      s  action
1      (0,0)     N      160  forward
2      (0,1)     N      160  forward
3      (0,2)     N      164  forward
4      (0,3)     N      164  forward
5      (0,4)     N      164  forward
6      (0,5)     N      164  forward
7      (0,6)     N      164  forward
8      (0,7)     N      164  forward
9      (0,8)     N      164  forward
10     (0,9)     N     5348  rotate right
11     (0,9)     E     5346  forward
12     (1,9)     E      166  forward
13     (2,9)     E      166  forward
14     (3,9)     E      166  forward
15     (4,9)     E      166  forward
16     (5,9)     E      166  forward
17     (6,9)     E      166  forward
18     (7,9)     E      166  forward
19     (8,9)     E     1462  rotate right
20     (8,9)     S     2107  rotate left
21     (8,9)     E     2106  rotate left
22     (8,9)     N     7288  forward
End: collision at step 22

--------------------------------------------------------------------------------
Map: map_infer_topic3_map6
Start: (0,0)
Goal: (0,7)
Checkpoints: (none)
step   pos       dir      s  action
1      (0,0)     N      160  forward
2      (0,1)     N      160  forward
3      (0,2)     N      164  forward
4      (0,3)     N      164  forward
5      (0,4)     N      164  forward
6      (0,5)     N      164  forward
7      (0,6)     N     5348  rotate right
8      (0,6)     E     6642  forward
End: collision at step 8

--------------------------------------------------------------------------------
Map: map_infer_topic4_map1
Start: (0,0)
Goal: (9,9)
Checkpoints: (none)
step   pos       dir      s  action
1      (0,0)     N      160  forward
2      (0,1)     N     5344  rotate right
3      (0,1)     E     6642  forward
End: collision at step 3

--------------------------------------------------------------------------------
Map: map_infer_topic4_map2
Start: (0,0)
Goal: (9,9)
Checkpoints: (none)
step   pos       dir      s  action
1      (0,0)     N      160  forward
2      (0,1)     N      160  forward
3      (0,2)     N      164  forward
4      (0,3)     N     5348  rotate right
5      (0,3)     E     5346  forward
6      (1,3)     E      166  forward
7      (2,3)     E      166  forward
8      (3,3)     E     1462  rotate right
9      (3,3)     S     1459  forward
10     (3,2)     S      159  forward
11     (3,1)     S      159  forward
12     (3,0)     S      807  rotate left
13     (3,0)     E     2106  rotate left
14     (3,0)     N     2104  forward
15     (3,1)     N      488  rotate right
16     (3,1)     E     1782  forward
End: collision at step 16

--------------------------------------------------------------------------------
Map: map_infer_topic4_map3
Start: (0,0)
Goal: (3,9)
Checkpoints: (none)
step   pos       dir      s  action
1      (0,0)     N      160  forward
2      (0,1)     N     5344  rotate right
3      (0,1)     E     5346  forward
4      (1,1)     E      166  forward
5      (2,1)     E     1462  rotate right
6      (2,1)     S     2107  rotate left
7      (2,1)     E     2106  rotate left
8      (2,1)     N     2104  forward
9      (2,2)     N      164  forward
10     (2,3)     N      164  forward
11     (2,4)     N     5348  rotate right
12     (2,4)     E     6642  forward
End: collision at step 12

--------------------------------------------------------------------------------
Map: map_infer_topic4_map4
Start: (0,0)
Goal: (9,9)
Checkpoints: (none)
step   pos       dir      s  action
1      (0,0)     N     5344  rotate right
2      (0,0)     E     5346  forward
3      (1,0)     E      162  forward
4      (2,0)     E      166  forward
5      (3,0)     E      166  forward
6      (4,0)     E      166  forward
7      (5,0)     E      166  forward
8      (6,0)     E      166  forward
9      (7,0)     E      166  forward
10     (8,0)     E      166  forward
11     (9,0)     E     1462  rotate right
12     (9,0)     S     2107  rotate left
13     (9,0)     E     2106  rotate left
14     (9,0)     N     7288  forward
End: collision at step 14

--------------------------------------------------------------------------------
Map: map_infer_topic4_map5
Start: (0,0)
Goal: (9,3)
Checkpoints: (none)
step   pos       dir      s  action
1      (0,0)     N      160  forward
2      (0,1)     N      160  forward
3      (0,2)     N      164  forward
4      (0,3)     N      164  forward
5      (0,4)     N     5340  rotate right
6      (0,4)     E     5346  forward
7      (1,4)     E      166  forward
8      (2,4)     E      166  forward
9      (3,4)     E     1462  rotate right
10     (3,4)     S     1459  forward
11     (3,3)     S      167  forward
12     (3,2)     S      159  forward
13     (3,1)     S      807  rotate left
14     (3,1)     E      810  forward
15     (4,1)     E      166  forward
16     (5,1)     E      166  forward
17     (6,1)     E     1462  rotate right
18     (6,1)     S     1459  forward
19     (6,0)     S      807  rotate left
20     (6,0)     E      810  forward
21     (7,0)     E      166  forward
22     (8,0)     E      166  forward
23     (9,0)     E     1462  rotate right
24     (9,0)     S     2107  rotate left
25     (9,0)     E     2106  rotate left
26     (9,0)     N     2104  forward
27     (9,1)     N     5348  rotate right
28     (9,1)     E     6642  forward
End: collision at step 28

--------------------------------------------------------------------------------
Map: map_infer_topic4_map6
Start: (0,0)
Goal: (9,9)
Checkpoints: (none)
step   pos       dir      s  action
1      (0,0)     N      160  forward
2      (0,1)     N      160  forward
3      (0,2)     N      164  forward
4      (0,3)     N      164  forward
5      (0,4)     N      164  forward
6      (0,5)     N      164  forward
7      (0,6)     N      164  forward
8      (0,7)     N      164  forward
9      (0,8)     N      164  forward
10     (0,9)     N     5348  rotate right
11     (0,9)     E     5346  forward
12     (1,9)     E     1462  rotate right
13     (1,9)     S     2107  rotate left
14     (1,9)     E     2106  rotate left
15     (1,9)     N     7288  forward
End: collision at step 15

--------------------------------------------------------------------------------
Map: map_infer_topic5_map1
Start: (0,0)
Goal: (9,9)
Checkpoints: (5,9)
step   pos       dir      s  action
1      (0,0)     N      160  forward
2      (0,1)     N      160  forward
3      (0,2)     N      176  forward
4      (0,3)     N      176  forward
5      (0,4)     N      176  forward
6      (0,5)     N      176  forward
7      (0,6)     N      176  forward
8      (0,7)     N      176  forward
9      (0,8)     N      176  forward
10     (0,9)     N     5360  rotate right
11     (0,9)     E     5346  forward
12     (1,9)     E      178  forward
13     (2,9)     E      178  forward
14     (3,9)     E      178  forward
15     (4,9)     E      178  forward
16     (5,9)     E      178  forward
17     (6,9)     E      166  forward
18     (7,9)     E      166  forward
19     (8,9)     E      166  forward
End: reached goal after 19 steps

--------------------------------------------------------------------------------
Map: map_infer_topic5_map2
Start: (0,0)
Goal: (5,4)
Checkpoints: (5,9), (9,4)
step   pos       dir      s  action
1      (0,0)     N      160  forward
2      (0,1)     N      160  forward
3      (0,2)     N      212  forward
4      (0,3)     N      212  forward
5      (0,4)     N      212  forward
6      (0,5)     N      132  forward
7      (0,6)     N      132  forward
8      (0,7)     N      132  forward
9      (0,8)     N      132  forward
10     (0,9)     N     5316  rotate right
11     (0,9)     E     5346  forward
12     (1,9)     E      214  forward
13     (2,9)     E      214  forward
14     (3,9)     E      214  forward
15     (4,9)     E      214  forward
16     (5,9)     E      214  forward
17     (6,9)     E      194  forward
18     (7,9)     E      194  forward
19     (8,9)     E      194  forward
20     (9,9)     E     1490  rotate right
21     (9,9)     S     1459  forward
22     (9,8)     S      203  forward
23     (9,7)     S      203  forward
24     (9,6)     S      203  forward
25     (9,5)     S      203  forward
26     (9,4)     S      851  rotate right
27     (9,4)     W      809  forward
28     (8,4)     W      165  forward
29     (7,4)     W      165  forward
30     (6,4)     W      165  forward
End: reached goal after 30 steps

--------------------------------------------------------------------------------
Map: map_infer_topic5_map3
Start: (0,0)
Goal: (5,4)
Checkpoints: (5,9)
step   pos       dir      s  action
1      (0,0)     N      160  forward
2      (0,1)     N      160  forward
3      (0,2)     N      176  forward
4      (0,3)     N      176  forward
5      (0,4)     N      176  forward
6      (0,5)     N      168  forward
7      (0,6)     N     5352  rotate right
8      (0,6)     E     5346  forward
9      (1,6)     E      178  forward
10     (2,6)     E     1474  rotate right
11     (2,6)     S     1459  forward
12     (2,5)     S      803  forward
End: collision at step 12

--------------------------------------------------------------------------------
Map: map_infer_topic5_map4
Start: (0,0)
Goal: (9,0)
Checkpoints: (3,8), (7,3)
step   pos       dir      s  action
1      (0,0)     N      160  forward
2      (0,1)     N      160  forward
3      (0,2)     N      204  forward
4      (0,3)     N      204  forward
5      (0,4)     N      132  forward
6      (0,5)     N      132  forward
7      (0,6)     N      132  forward
8      (0,7)     N      132  forward
9      (0,8)     N      132  forward
10     (0,9)     N     5292  forward
End: collision at step 10

--------------------------------------------------------------------------------
Map: map_infer_topic5_map5
Start: (0,0)
Goal: (9,5)
Checkpoints: (0,9)
step   pos       dir      s  action
1      (0,0)     N      160  forward
2      (0,1)     N      160  forward
3      (0,2)     N      176  forward
4      (0,3)     N      176  forward
5      (0,4)     N      176  forward
6      (0,5)     N     5360  rotate right
7      (0,5)     E     5346  forward
8      (1,5)     E      154  forward
9      (2,5)     E      154  forward
10     (3,5)     E      154  forward
11     (4,5)     E      154  forward
12     (5,5)     E      154  forward
13     (6,5)     E      154  forward
14     (7,5)     E      154  forward
15     (8,5)     E      154  forward
End: reached goal after 15 steps

--------------------------------------------------------------------------------
Map: map_infer_topic5_map6
Start: (1,0)
Goal: (9,9)
Checkpoints: (9,1), (0,9)
step   pos       dir      s  action
1      (1,0)     N      160  forward
2      (1,1)     N      160  forward
3      (1,2)     N      188  forward
4      (1,3)     N      188  forward
5      (1,4)     N      188  forward
6      (1,5)     N      188  forward
7      (1,6)     N     5372  rotate right
8      (1,6)     E     5346  forward
9      (2,6)     E      142  forward
10     (3,6)     E      142  forward
11     (4,6)     E     1438  rotate right
12     (4,6)     S     1459  forward
13     (4,5)     S      135  forward
14     (4,4)     S      783  rotate left
15     (4,4)     E      810  forward
16     (5,4)     E      142  forward
17     (6,4)     E     1438  rotate right
18     (6,4)     S     1459  forward
19     (6,3)     S      135  forward
20     (6,2)     S      783  rotate left
21     (6,2)     E     2106  rotate left
22     (6,2)     N     2104  forward
23     (6,3)     N      512  rotate left
24     (6,3)     W     3077  forward
End: collision at step 24

